TICK-152  main -> tick-152-bulk-migration
 migrations/0042_bulk_backfill.sql | 4000
++++++++++++++++++++++++++++++++++
 1 file changed, 4000 insertions(+)

A  migrations/0042_bulk_backfill.sql
--- /dev/null
+++ b/migrations/0042_bulk_backfill.sql
@@ -0,0 +1,4000 @@
+-- generated backfill statements
+UPDATE users SET migrated = true WHERE id = 1;
+UPDATE users SET migrated = true WHERE id = 2;
+UPDATE users SET migrated = true WHERE id = 3;
... [truncated]
(patch truncated)