Run History
STARTED                  TYPE  REASON   OUTCOMES                                       TICKETS             
───────────────────────  ────  ───────  ─────────────────────────────────────────────  ────────────────────
2026-07-30 03:00:00 PDT  LANE  STOPPED  1 success · 1 failure · 1 changes_requested    TICK-1,TICK-2,TICK-3

Selected Run: run-mixed
Terminal Reason: stopped
Timestamp: 2026-07-30 03:00:00 PDT

Tickets
TICKET  EXECUTOR  OUTCOME            DURATION
──────  ────────  ─────────────────  ────────
TICK-1  claude-a  success            10.0s   
TICK-2  claude-a  failure            20.0s   
TICK-3  codex-a   changes_requested  30.0s   