run-20260728T101500Z-abc12345  RUNNING
Started: 2026-07-28 03:15:00 PDT

Workers
TICKET    PID    STATE    RECONCILIATION
────────  ─────  ───────  ──────────────
TICK-150  55130  running  live          

Resolved Dispatch
TICK-150  driver=codex-implement executor=codex-a model=gpt-5.6-terra

Activity
03:15:02  TICK-150  codex-a/gpt-5.6-terra
implementing  ▶ planning
03:15:06  TICK-150  codex-a/gpt-5.6-terra
implementing  ▶ reading file  lanegate/auth.py
03:15:20  TICK-150  codex-a/gpt-5.6-terra
implementing  ▶ writing file  lanegate/auth.py
03:15:45  TICK-150  codex-a/gpt-5.6-terra
testing  ▶ running tests (running)
03:16:10  TICK-150  codex-a/gpt-5.6-terra
testing  ✓ tests passed (12 passed)
03:16:30  TICK-150  codex-a/gpt-5.6-terra
implementing  ~ heartbeat